// Jest Snapshot v1, https://goo.gl/fbAQLP

exports[`expect render Card component 1`] = `ShallowWrapper {}`;
