// Jest Snapshot v1, https://goo.gl/fbAQLP

exports[`expect render SearchBox component 1`] = `ShallowWrapper {}`;
