// Jest Snapshot v1, https://goo.gl/fbAQLP

exports[`expect render App component 1`] = `ShallowWrapper {}`;
